#-----------------------------------------------------------
# Vivado v2025.1 (64-bit)
# SW Build 6140274 on Thu May 22 00:12:29 MDT 2025
# IP Build 6138677 on Thu May 22 03:10:11 MDT 2025
# SharedData Build 6139179 on Tue May 20 17:58:58 MDT 2025
# Start of session at: Sun Aug 31 23:40:33 2025
# Process ID         : 20852
# Current directory  : C:/Users/user/Downloads/FPGA-BASED-ELECTRONIC-VOTING-MACHINE-main/FPGA-BASED-ELECTRONIC-VOTING-MACHINE-main
# Command line       : vivado.exe -gui_launcher_event rodinguilauncherevent19504 C:\Users\user\Downloads\FPGA-BASED-ELECTRONIC-VOTING-MACHINE-main\FPGA-BASED-ELECTRONIC-VOTING-MACHINE-main\FPGA_based_Electronic_Voting_Machine.xpr
# Log file           : C:/Users/user/Downloads/FPGA-BASED-ELECTRONIC-VOTING-MACHINE-main/FPGA-BASED-ELECTRONIC-VOTING-MACHINE-main/vivado.log
# Journal file       : C:/Users/user/Downloads/FPGA-BASED-ELECTRONIC-VOTING-MACHINE-main/FPGA-BASED-ELECTRONIC-VOTING-MACHINE-main\vivado.jou
# Running On         : kandy
# Platform           : Windows Server 2016 or Windows 10
# Operating System   : 26100
# Processor Detail   : AMD Ryzen 7 5800H with Radeon Graphics         
# CPU Frequency      : 3194 MHz
# CPU Physical cores : 8
# CPU Logical cores  : 16
# Host memory        : 16541 MB
# Swap memory        : 10737 MB
# Total Virtual      : 27279 MB
# Available Virtual  : 8545 MB
#-----------------------------------------------------------
start_gui
